[0.415s] Invoking command in '/home/manas/isaacsim_teleop/src/teleop_keys': PYTHONPATH=/home/manas/isaacsim_teleop/build/teleop_keys/prefix_override:/usr/lib/python3/dist-packages/colcon_core/task/python/colcon_distutils_commands:/home/manas/isaacsim_teleop/install/teleop_keys/lib/python3.10/site-packages:${PYTHONPATH} /usr/bin/python3 -W ignore:setup.py install is deprecated -W ignore:easy_install command is deprecated setup.py egg_info --egg-base ../../build/teleop_keys build --build-base /home/manas/isaacsim_teleop/build/teleop_keys/build install --record /home/manas/isaacsim_teleop/build/teleop_keys/install.log --single-version-externally-managed install_data
[0.565s] running egg_info
[0.565s] writing ../../build/teleop_keys/teleop_keys.egg-info/PKG-INFO
[0.565s] writing dependency_links to ../../build/teleop_keys/teleop_keys.egg-info/dependency_links.txt
[0.565s] writing entry points to ../../build/teleop_keys/teleop_keys.egg-info/entry_points.txt
[0.565s] writing requirements to ../../build/teleop_keys/teleop_keys.egg-info/requires.txt
[0.565s] writing top-level names to ../../build/teleop_keys/teleop_keys.egg-info/top_level.txt
[0.567s] reading manifest file '../../build/teleop_keys/teleop_keys.egg-info/SOURCES.txt'
[0.568s] writing manifest file '../../build/teleop_keys/teleop_keys.egg-info/SOURCES.txt'
[0.568s] running build
[0.569s] running build_py
[0.569s] copying teleop_keys/twist_stamper_high_lvl_cmd.py -> /home/manas/isaacsim_teleop/build/teleop_keys/build/lib/teleop_keys
[0.569s] running install
[0.569s] running install_lib
[0.570s] copying /home/manas/isaacsim_teleop/build/teleop_keys/build/lib/teleop_keys/twist_stamper_high_lvl_cmd.py -> /home/manas/isaacsim_teleop/install/teleop_keys/lib/python3.10/site-packages/teleop_keys
[0.570s] byte-compiling /home/manas/isaacsim_teleop/install/teleop_keys/lib/python3.10/site-packages/teleop_keys/twist_stamper_high_lvl_cmd.py to twist_stamper_high_lvl_cmd.cpython-310.pyc
[0.570s] running install_data
[0.571s] running install_egg_info
[0.572s] removing '/home/manas/isaacsim_teleop/install/teleop_keys/lib/python3.10/site-packages/teleop_keys-0.0.1-py3.10.egg-info' (and everything under it)
[0.572s] Copying ../../build/teleop_keys/teleop_keys.egg-info to /home/manas/isaacsim_teleop/install/teleop_keys/lib/python3.10/site-packages/teleop_keys-0.0.1-py3.10.egg-info
[0.573s] running install_scripts
[0.587s] Installing actuator_cmd_node script to /home/manas/isaacsim_teleop/install/teleop_keys/lib/teleop_keys
[0.587s] Installing stamp script to /home/manas/isaacsim_teleop/install/teleop_keys/lib/teleop_keys
[0.587s] Installing stamp_high_lvl script to /home/manas/isaacsim_teleop/install/teleop_keys/lib/teleop_keys
[0.587s] Installing teleop_node script to /home/manas/isaacsim_teleop/install/teleop_keys/lib/teleop_keys
[0.588s] writing list of installed files to '/home/manas/isaacsim_teleop/build/teleop_keys/install.log'
[0.604s] Invoked command in '/home/manas/isaacsim_teleop/src/teleop_keys' returned '0': PYTHONPATH=/home/manas/isaacsim_teleop/build/teleop_keys/prefix_override:/usr/lib/python3/dist-packages/colcon_core/task/python/colcon_distutils_commands:/home/manas/isaacsim_teleop/install/teleop_keys/lib/python3.10/site-packages:${PYTHONPATH} /usr/bin/python3 -W ignore:setup.py install is deprecated -W ignore:easy_install command is deprecated setup.py egg_info --egg-base ../../build/teleop_keys build --build-base /home/manas/isaacsim_teleop/build/teleop_keys/build install --record /home/manas/isaacsim_teleop/build/teleop_keys/install.log --single-version-externally-managed install_data
