running develop
running egg_info
creating teleop_keys.egg-info
writing teleop_keys.egg-info/PKG-INFO
writing dependency_links to teleop_keys.egg-info/dependency_links.txt
writing entry points to teleop_keys.egg-info/entry_points.txt
writing requirements to teleop_keys.egg-info/requires.txt
writing top-level names to teleop_keys.egg-info/top_level.txt
writing manifest file 'teleop_keys.egg-info/SOURCES.txt'
reading manifest file 'teleop_keys.egg-info/SOURCES.txt'
writing manifest file 'teleop_keys.egg-info/SOURCES.txt'
running build_ext
Creating /home/manas/isaacsim_teleop/install/teleop_keys/lib/python3.10/site-packages/teleop-keys.egg-link (link to .)
Installing teleop_node script to /home/manas/isaacsim_teleop/install/teleop_keys/lib/teleop_keys

Installed /home/manas/isaacsim_teleop/build/teleop_keys
running symlink_data
creating /home/manas/isaacsim_teleop/install/teleop_keys/share/ament_index
creating /home/manas/isaacsim_teleop/install/teleop_keys/share/ament_index/resource_index
creating /home/manas/isaacsim_teleop/install/teleop_keys/share/ament_index/resource_index/packages
symbolically linking /home/manas/isaacsim_teleop/build/teleop_keys/resource/teleop_keys -> /home/manas/isaacsim_teleop/install/teleop_keys/share/ament_index/resource_index/packages
symbolically linking /home/manas/isaacsim_teleop/build/teleop_keys/package.xml -> /home/manas/isaacsim_teleop/install/teleop_keys/share/teleop_keys
