/home/manas/isaacsim_teleop/install/teleop_keys/lib/python3.10/site-packages/teleop_keys/IL_cmd_gen.py
/home/manas/isaacsim_teleop/install/teleop_keys/lib/python3.10/site-packages/teleop_keys/json_reader.py
/home/manas/isaacsim_teleop/install/teleop_keys/lib/python3.10/site-packages/teleop_keys/run.py
/home/manas/isaacsim_teleop/install/teleop_keys/lib/python3.10/site-packages/teleop_keys/__init__.py
/home/manas/isaacsim_teleop/install/teleop_keys/lib/python3.10/site-packages/teleop_keys/train_il_multimodal.py
/home/manas/isaacsim_teleop/install/teleop_keys/lib/python3.10/site-packages/teleop_keys/twist_stamper_high_lvl_cmd.py
/home/manas/isaacsim_teleop/install/teleop_keys/lib/python3.10/site-packages/teleop_keys/global_planner_bridge.py
/home/manas/isaacsim_teleop/install/teleop_keys/lib/python3.10/site-packages/teleop_keys/train_il_multimodal_with_plot.py
/home/manas/isaacsim_teleop/install/teleop_keys/lib/python3.10/site-packages/teleop_keys/twist_stamper.py
/home/manas/isaacsim_teleop/install/teleop_keys/lib/python3.10/site-packages/teleop_keys/kinematic_model.py
/home/manas/isaacsim_teleop/install/teleop_keys/lib/python3.10/site-packages/teleop_keys/__pycache__/IL_cmd_gen.cpython-310.pyc
/home/manas/isaacsim_teleop/install/teleop_keys/lib/python3.10/site-packages/teleop_keys/__pycache__/json_reader.cpython-310.pyc
/home/manas/isaacsim_teleop/install/teleop_keys/lib/python3.10/site-packages/teleop_keys/__pycache__/run.cpython-310.pyc
/home/manas/isaacsim_teleop/install/teleop_keys/lib/python3.10/site-packages/teleop_keys/__pycache__/__init__.cpython-310.pyc
/home/manas/isaacsim_teleop/install/teleop_keys/lib/python3.10/site-packages/teleop_keys/__pycache__/train_il_multimodal.cpython-310.pyc
/home/manas/isaacsim_teleop/install/teleop_keys/lib/python3.10/site-packages/teleop_keys/__pycache__/twist_stamper_high_lvl_cmd.cpython-310.pyc
/home/manas/isaacsim_teleop/install/teleop_keys/lib/python3.10/site-packages/teleop_keys/__pycache__/global_planner_bridge.cpython-310.pyc
/home/manas/isaacsim_teleop/install/teleop_keys/lib/python3.10/site-packages/teleop_keys/__pycache__/train_il_multimodal_with_plot.cpython-310.pyc
/home/manas/isaacsim_teleop/install/teleop_keys/lib/python3.10/site-packages/teleop_keys/__pycache__/twist_stamper.cpython-310.pyc
/home/manas/isaacsim_teleop/install/teleop_keys/lib/python3.10/site-packages/teleop_keys/__pycache__/kinematic_model.cpython-310.pyc
/home/manas/isaacsim_teleop/install/teleop_keys/share/ament_index/resource_index/packages/teleop_keys
/home/manas/isaacsim_teleop/install/teleop_keys/share/teleop_keys/package.xml
/home/manas/isaacsim_teleop/install/teleop_keys/lib/python3.10/site-packages/teleop_keys-0.0.1-py3.10.egg-info/entry_points.txt
/home/manas/isaacsim_teleop/install/teleop_keys/lib/python3.10/site-packages/teleop_keys-0.0.1-py3.10.egg-info/dependency_links.txt
/home/manas/isaacsim_teleop/install/teleop_keys/lib/python3.10/site-packages/teleop_keys-0.0.1-py3.10.egg-info/top_level.txt
/home/manas/isaacsim_teleop/install/teleop_keys/lib/python3.10/site-packages/teleop_keys-0.0.1-py3.10.egg-info/SOURCES.txt
/home/manas/isaacsim_teleop/install/teleop_keys/lib/python3.10/site-packages/teleop_keys-0.0.1-py3.10.egg-info/zip-safe
/home/manas/isaacsim_teleop/install/teleop_keys/lib/python3.10/site-packages/teleop_keys-0.0.1-py3.10.egg-info/PKG-INFO
/home/manas/isaacsim_teleop/install/teleop_keys/lib/python3.10/site-packages/teleop_keys-0.0.1-py3.10.egg-info/requires.txt
/home/manas/isaacsim_teleop/install/teleop_keys/lib/teleop_keys/actuator_cmd_node
/home/manas/isaacsim_teleop/install/teleop_keys/lib/teleop_keys/global_planner_bridge
/home/manas/isaacsim_teleop/install/teleop_keys/lib/teleop_keys/il_local_planner
/home/manas/isaacsim_teleop/install/teleop_keys/lib/teleop_keys/rosbag_play
/home/manas/isaacsim_teleop/install/teleop_keys/lib/teleop_keys/stamp
/home/manas/isaacsim_teleop/install/teleop_keys/lib/teleop_keys/stamp_high_lvl
/home/manas/isaacsim_teleop/install/teleop_keys/lib/teleop_keys/teleop_node
