[0.370s] Invoking command in '/home/manas/isaacsim_teleop/src/teleop_keys': PYTHONPATH=/home/manas/isaacsim_teleop/build/teleop_keys/prefix_override:/usr/lib/python3/dist-packages/colcon_core/task/python/colcon_distutils_commands:/home/manas/isaacsim_teleop/install/teleop_keys/lib/python3.10/site-packages:${PYTHONPATH} /usr/bin/python3 -W ignore:setup.py install is deprecated -W ignore:easy_install command is deprecated setup.py egg_info --egg-base ../../build/teleop_keys build --build-base /home/manas/isaacsim_teleop/build/teleop_keys/build install --record /home/manas/isaacsim_teleop/build/teleop_keys/install.log --single-version-externally-managed install_data
[0.511s] running egg_info
[0.511s] writing ../../build/teleop_keys/teleop_keys.egg-info/PKG-INFO
[0.512s] writing dependency_links to ../../build/teleop_keys/teleop_keys.egg-info/dependency_links.txt
[0.512s] writing entry points to ../../build/teleop_keys/teleop_keys.egg-info/entry_points.txt
[0.512s] writing requirements to ../../build/teleop_keys/teleop_keys.egg-info/requires.txt
[0.512s] writing top-level names to ../../build/teleop_keys/teleop_keys.egg-info/top_level.txt
[0.513s] reading manifest file '../../build/teleop_keys/teleop_keys.egg-info/SOURCES.txt'
[0.514s] writing manifest file '../../build/teleop_keys/teleop_keys.egg-info/SOURCES.txt'
[0.514s] running build
[0.514s] running build_py
[0.514s] copying teleop_keys/twist_stamper.py -> /home/manas/isaacsim_teleop/build/teleop_keys/build/lib/teleop_keys
[0.514s] running install
[0.515s] running install_lib
[0.515s] copying /home/manas/isaacsim_teleop/build/teleop_keys/build/lib/teleop_keys/twist_stamper.py -> /home/manas/isaacsim_teleop/install/teleop_keys/lib/python3.10/site-packages/teleop_keys
[0.515s] byte-compiling /home/manas/isaacsim_teleop/install/teleop_keys/lib/python3.10/site-packages/teleop_keys/twist_stamper.py to twist_stamper.cpython-310.pyc
[0.516s] running install_data
[0.516s] running install_egg_info
[0.517s] removing '/home/manas/isaacsim_teleop/install/teleop_keys/lib/python3.10/site-packages/teleop_keys-0.0.1-py3.10.egg-info' (and everything under it)
[0.517s] Copying ../../build/teleop_keys/teleop_keys.egg-info to /home/manas/isaacsim_teleop/install/teleop_keys/lib/python3.10/site-packages/teleop_keys-0.0.1-py3.10.egg-info
[0.517s] running install_scripts
[0.533s] Installing actuator_cmd_node script to /home/manas/isaacsim_teleop/install/teleop_keys/lib/teleop_keys
[0.533s] Installing stamp script to /home/manas/isaacsim_teleop/install/teleop_keys/lib/teleop_keys
[0.533s] Installing teleop_node script to /home/manas/isaacsim_teleop/install/teleop_keys/lib/teleop_keys
[0.533s] writing list of installed files to '/home/manas/isaacsim_teleop/build/teleop_keys/install.log'
[0.546s] Invoked command in '/home/manas/isaacsim_teleop/src/teleop_keys' returned '0': PYTHONPATH=/home/manas/isaacsim_teleop/build/teleop_keys/prefix_override:/usr/lib/python3/dist-packages/colcon_core/task/python/colcon_distutils_commands:/home/manas/isaacsim_teleop/install/teleop_keys/lib/python3.10/site-packages:${PYTHONPATH} /usr/bin/python3 -W ignore:setup.py install is deprecated -W ignore:easy_install command is deprecated setup.py egg_info --egg-base ../../build/teleop_keys build --build-base /home/manas/isaacsim_teleop/build/teleop_keys/build install --record /home/manas/isaacsim_teleop/build/teleop_keys/install.log --single-version-externally-managed install_data
