running develop
Removing /home/manas/isaacsim_teleop/install/teleop_keys/lib/python3.10/site-packages/teleop-keys.egg-link (link to .)
running egg_info
writing ../../build/teleop_keys/teleop_keys.egg-info/PKG-INFO
writing dependency_links to ../../build/teleop_keys/teleop_keys.egg-info/dependency_links.txt
writing entry points to ../../build/teleop_keys/teleop_keys.egg-info/entry_points.txt
writing requirements to ../../build/teleop_keys/teleop_keys.egg-info/requires.txt
writing top-level names to ../../build/teleop_keys/teleop_keys.egg-info/top_level.txt
reading manifest file '../../build/teleop_keys/teleop_keys.egg-info/SOURCES.txt'
writing manifest file '../../build/teleop_keys/teleop_keys.egg-info/SOURCES.txt'
running build
running build_py
creating /home/manas/isaacsim_teleop/build/teleop_keys/build
creating /home/manas/isaacsim_teleop/build/teleop_keys/build/lib
creating /home/manas/isaacsim_teleop/build/teleop_keys/build/lib/teleop_keys
copying teleop_keys/run.py -> /home/manas/isaacsim_teleop/build/teleop_keys/build/lib/teleop_keys
copying teleop_keys/__init__.py -> /home/manas/isaacsim_teleop/build/teleop_keys/build/lib/teleop_keys
running install
running install_lib
creating /home/manas/isaacsim_teleop/install/teleop_keys/lib/python3.10/site-packages/teleop_keys
copying /home/manas/isaacsim_teleop/build/teleop_keys/build/lib/teleop_keys/run.py -> /home/manas/isaacsim_teleop/install/teleop_keys/lib/python3.10/site-packages/teleop_keys
copying /home/manas/isaacsim_teleop/build/teleop_keys/build/lib/teleop_keys/__init__.py -> /home/manas/isaacsim_teleop/install/teleop_keys/lib/python3.10/site-packages/teleop_keys
byte-compiling /home/manas/isaacsim_teleop/install/teleop_keys/lib/python3.10/site-packages/teleop_keys/run.py to run.cpython-310.pyc
byte-compiling /home/manas/isaacsim_teleop/install/teleop_keys/lib/python3.10/site-packages/teleop_keys/__init__.py to __init__.cpython-310.pyc
running install_data
copying resource/teleop_keys -> /home/manas/isaacsim_teleop/install/teleop_keys/share/ament_index/resource_index/packages
copying package.xml -> /home/manas/isaacsim_teleop/install/teleop_keys/share/teleop_keys
running install_egg_info
Copying ../../build/teleop_keys/teleop_keys.egg-info to /home/manas/isaacsim_teleop/install/teleop_keys/lib/python3.10/site-packages/teleop_keys-0.0.1-py3.10.egg-info
running install_scripts
Installing teleop_node script to /home/manas/isaacsim_teleop/install/teleop_keys/lib/teleop_keys
writing list of installed files to '/home/manas/isaacsim_teleop/build/teleop_keys/install.log'
