running egg_info
writing ../../build/teleop_keys/teleop_keys.egg-info/PKG-INFO
writing dependency_links to ../../build/teleop_keys/teleop_keys.egg-info/dependency_links.txt
writing entry points to ../../build/teleop_keys/teleop_keys.egg-info/entry_points.txt
writing requirements to ../../build/teleop_keys/teleop_keys.egg-info/requires.txt
writing top-level names to ../../build/teleop_keys/teleop_keys.egg-info/top_level.txt
reading manifest file '../../build/teleop_keys/teleop_keys.egg-info/SOURCES.txt'
writing manifest file '../../build/teleop_keys/teleop_keys.egg-info/SOURCES.txt'
running build
running build_py
copying teleop_keys/json_reader.py -> /home/manas/isaacsim_teleop/build/teleop_keys/build/lib/teleop_keys
copying teleop_keys/csv_generator_high_lvl.py -> /home/manas/isaacsim_teleop/build/teleop_keys/build/lib/teleop_keys
running install
running install_lib
copying /home/manas/isaacsim_teleop/build/teleop_keys/build/lib/teleop_keys/json_reader.py -> /home/manas/isaacsim_teleop/install/teleop_keys/lib/python3.10/site-packages/teleop_keys
copying /home/manas/isaacsim_teleop/build/teleop_keys/build/lib/teleop_keys/csv_generator_high_lvl.py -> /home/manas/isaacsim_teleop/install/teleop_keys/lib/python3.10/site-packages/teleop_keys
byte-compiling /home/manas/isaacsim_teleop/install/teleop_keys/lib/python3.10/site-packages/teleop_keys/json_reader.py to json_reader.cpython-310.pyc
byte-compiling /home/manas/isaacsim_teleop/install/teleop_keys/lib/python3.10/site-packages/teleop_keys/csv_generator_high_lvl.py to csv_generator_high_lvl.cpython-310.pyc
running install_data
running install_egg_info
removing '/home/manas/isaacsim_teleop/install/teleop_keys/lib/python3.10/site-packages/teleop_keys-0.0.1-py3.10.egg-info' (and everything under it)
Copying ../../build/teleop_keys/teleop_keys.egg-info to /home/manas/isaacsim_teleop/install/teleop_keys/lib/python3.10/site-packages/teleop_keys-0.0.1-py3.10.egg-info
running install_scripts
Installing actuator_cmd_node script to /home/manas/isaacsim_teleop/install/teleop_keys/lib/teleop_keys
Installing rosbag_play script to /home/manas/isaacsim_teleop/install/teleop_keys/lib/teleop_keys
Installing stamp script to /home/manas/isaacsim_teleop/install/teleop_keys/lib/teleop_keys
Installing stamp_high_lvl script to /home/manas/isaacsim_teleop/install/teleop_keys/lib/teleop_keys
Installing teleop_node script to /home/manas/isaacsim_teleop/install/teleop_keys/lib/teleop_keys
writing list of installed files to '/home/manas/isaacsim_teleop/build/teleop_keys/install.log'
