[0.304s] Invoking command in '/home/manas/isaacsim_teleop/src/teleop_keys': PYTHONPATH=/home/manas/isaacsim_teleop/build/teleop_keys/prefix_override:/usr/lib/python3/dist-packages/colcon_core/task/python/colcon_distutils_commands:/home/manas/isaacsim_teleop/install/teleop_keys/lib/python3.10/site-packages: /usr/bin/python3 -W ignore:setup.py install is deprecated -W ignore:easy_install command is deprecated setup.py egg_info --egg-base ../../build/teleop_keys build --build-base /home/manas/isaacsim_teleop/build/teleop_keys/build install --record /home/manas/isaacsim_teleop/build/teleop_keys/install.log --single-version-externally-managed install_data
[0.403s] running egg_info
[0.403s] writing ../../build/teleop_keys/teleop_keys.egg-info/PKG-INFO
[0.403s] writing dependency_links to ../../build/teleop_keys/teleop_keys.egg-info/dependency_links.txt
[0.404s] writing entry points to ../../build/teleop_keys/teleop_keys.egg-info/entry_points.txt
[0.404s] writing requirements to ../../build/teleop_keys/teleop_keys.egg-info/requires.txt
[0.404s] writing top-level names to ../../build/teleop_keys/teleop_keys.egg-info/top_level.txt
[0.404s] reading manifest file '../../build/teleop_keys/teleop_keys.egg-info/SOURCES.txt'
[0.405s] writing manifest file '../../build/teleop_keys/teleop_keys.egg-info/SOURCES.txt'
[0.405s] running build
[0.405s] running build_py
[0.405s] copying teleop_keys/json_reader.py -> /home/manas/isaacsim_teleop/build/teleop_keys/build/lib/teleop_keys
[0.405s] copying teleop_keys/csv_generator_high_lvl.py -> /home/manas/isaacsim_teleop/build/teleop_keys/build/lib/teleop_keys
[0.406s] running install
[0.406s] running install_lib
[0.406s] copying /home/manas/isaacsim_teleop/build/teleop_keys/build/lib/teleop_keys/json_reader.py -> /home/manas/isaacsim_teleop/install/teleop_keys/lib/python3.10/site-packages/teleop_keys
[0.406s] copying /home/manas/isaacsim_teleop/build/teleop_keys/build/lib/teleop_keys/csv_generator_high_lvl.py -> /home/manas/isaacsim_teleop/install/teleop_keys/lib/python3.10/site-packages/teleop_keys
[0.407s] byte-compiling /home/manas/isaacsim_teleop/install/teleop_keys/lib/python3.10/site-packages/teleop_keys/json_reader.py to json_reader.cpython-310.pyc
[0.407s] byte-compiling /home/manas/isaacsim_teleop/install/teleop_keys/lib/python3.10/site-packages/teleop_keys/csv_generator_high_lvl.py to csv_generator_high_lvl.cpython-310.pyc
[0.408s] running install_data
[0.409s] running install_egg_info
[0.410s] removing '/home/manas/isaacsim_teleop/install/teleop_keys/lib/python3.10/site-packages/teleop_keys-0.0.1-py3.10.egg-info' (and everything under it)
[0.410s] Copying ../../build/teleop_keys/teleop_keys.egg-info to /home/manas/isaacsim_teleop/install/teleop_keys/lib/python3.10/site-packages/teleop_keys-0.0.1-py3.10.egg-info
[0.410s] running install_scripts
[0.421s] Installing actuator_cmd_node script to /home/manas/isaacsim_teleop/install/teleop_keys/lib/teleop_keys
[0.421s] Installing rosbag_play script to /home/manas/isaacsim_teleop/install/teleop_keys/lib/teleop_keys
[0.421s] Installing stamp script to /home/manas/isaacsim_teleop/install/teleop_keys/lib/teleop_keys
[0.421s] Installing stamp_high_lvl script to /home/manas/isaacsim_teleop/install/teleop_keys/lib/teleop_keys
[0.421s] Installing teleop_node script to /home/manas/isaacsim_teleop/install/teleop_keys/lib/teleop_keys
[0.421s] writing list of installed files to '/home/manas/isaacsim_teleop/build/teleop_keys/install.log'
[0.432s] Invoked command in '/home/manas/isaacsim_teleop/src/teleop_keys' returned '0': PYTHONPATH=/home/manas/isaacsim_teleop/build/teleop_keys/prefix_override:/usr/lib/python3/dist-packages/colcon_core/task/python/colcon_distutils_commands:/home/manas/isaacsim_teleop/install/teleop_keys/lib/python3.10/site-packages: /usr/bin/python3 -W ignore:setup.py install is deprecated -W ignore:easy_install command is deprecated setup.py egg_info --egg-base ../../build/teleop_keys build --build-base /home/manas/isaacsim_teleop/build/teleop_keys/build install --record /home/manas/isaacsim_teleop/build/teleop_keys/install.log --single-version-externally-managed install_data
